// Jest Snapshot v1, https://goo.gl/fbAQLP

exports[`Files should match snapshot 1`] = `
<DocumentFragment>
  <div
    class="sc-jeCNp gPCBRI"
  >
    <div
      class="sc-ispOId iBwrDM"
    >
      <span
        class="octicon octicon-file"
      />
      <a
        class="sc-kcuKUB IWIsi"
        href="https://gist.githubusercontent.com/dwfault/80059b65e85973dbd629dff8d041588d/raw/3599c7641b180f2a4b6041d5e0f2e38f073f0fe6/gistfile1.txt"
        target="_blank"
      >
        gistfile1.txt
      </a>
    </div>
    <div
      class="sc-ispOId iBwrDM"
    >
      <span
        class="octicon octicon-file"
      />
      <a
        class="sc-kcuKUB IWIsi"
        href="https://gist.githubusercontent.com/Bezarius/cf8d6d227abb4450fa548c15148d5285/raw/b8aad7d46618739da077c0e0a84d26f805f2f929/test.xml"
        target="_blank"
      >
        test.xml
      </a>
    </div>
  </div>
</DocumentFragment>
`;
